
Allocating common symbols
Common symbol       size              file

netbufpool          0x4               binaries/net.o
readylist           0x2               binaries/ready.o
rfltab              0x5a0             binaries/rflinit.o
sleepq              0x2               binaries/clkinit.o
nnames              0x4               binaries/naminit.o
udptab              0x168             binaries/udp.o
minheap             0x4               binaries/meminit.o
marks               0x50              binaries/mark.o
currpid             0x4               binaries/initialize.o
Lf_data             0x20c             binaries/lfsinit.o
porttab             0x2d0             binaries/ptinit.o
girmask             0x2               binaries/evec.o
ttytab              0x110             binaries/ttyinit.o
proctab             0x15e0            binaries/initialize.o
prcount             0x4               binaries/initialize.o
lfltab              0xf00             binaries/lflinit.o
rdstab              0x8c              binaries/rdsinit.o
ethertab            0x138             binaries/ethinit.o
nsaddr              0x4               binaries/dns.o
NetData             0xa8              binaries/net.o
nmarks              0x4               binaries/mark.o
Defer               0x8               binaries/resched.o
semtab              0x4b0             binaries/initialize.o
maxheap             0x4               binaries/meminit.o
preempt             0x4               binaries/clkinit.o
buftab              0xf0              binaries/bufinit.o
Rf_data             0x18              binaries/rfsinit.o
mkmutex             0x4               binaries/mark.o
clktime             0x4               binaries/clkinit.o
arpcache            0x140             binaries/arp.o
icmptab             0x230             binaries/icmp.o
nbpools             0x4               binaries/bufinit.o
queuetab            0x980             binaries/queue.o
ptnextid            0x4               binaries/ptinit.o
Ram                 0x19000           binaries/raminit.o
ipoqueue            0x2c              binaries/ip.o
memlist             0x8               binaries/initialize.o
nametab             0x19a0            binaries/naminit.o
ptfree              0x4               binaries/ptinit.o

Memory Configuration

Name             Origin             Length             Attributes
*default*        0x0000000000000000 0xffffffffffffffff

Linker script and memory map

                0x0000000000100000                physbase = 0x100000
                0x0000000000100000                . = physbase
                0x0000000000100000                . = ALIGN (0x1000)

.text           0x0000000000100000    0x14000
                0x0000000000100000                text = ABSOLUTE (.)
 *(.text .text.*)
 .text          0x0000000000100000      0x1ac binaries/start.o
                0x0000000000100028                start
                0x00000000001000fa                inb
                0x0000000000100102                inw
                0x000000000010010b                inl
                0x0000000000100113                outb
                0x000000000010011d                outw
                0x0000000000100128                outl
                0x0000000000100132                _rtcin
                0x000000000010013d                ___udivsi3
                0x0000000000100148                ___divsi3
                0x0000000000100154                sbzero
                0x0000000000100164                bcopy
                0x0000000000100178                insw
                0x000000000010018e                outsw
                0x00000000001001a4                lidt
 .text          0x00000000001001ac      0x2f6 binaries/ascdate.o
                0x00000000001001ac                ascdate
 .text          0x00000000001004a2       0x10 binaries/bufinit.o
                0x00000000001004a2                bufinit
 .text          0x00000000001004b2       0x6a binaries/chprio.o
                0x00000000001004b2                chprio
 .text          0x000000000010051c       0x73 binaries/clkhandler.o
                0x000000000010051c                clkhandler
 .text          0x000000000010058f       0x76 binaries/clkinit.o
                0x000000000010058f                clkinit
 .text          0x0000000000100605       0x4e binaries/close.o
                0x0000000000100605                close
 .text          0x0000000000100653        0x0 binaries/conf.o
 .text          0x0000000000100653       0x66 binaries/control.o
                0x0000000000100653                control
 .text          0x00000000001006b9      0x203 binaries/create.o
                0x00000000001006b9                create
 .text          0x00000000001008bc      0x2b9 binaries/early_imr.o
                0x00000000001008bc                intel_cln_early_sb_read_reg
                0x0000000000100923                intel_cln_early_sb_write_reg
                0x0000000000100a33                remove_irm_protections
 .text          0x0000000000100b75      0x376 binaries/evec.o
                0x0000000000100b75                setirmask
                0x0000000000100bb3                set_evec
                0x0000000000100c10                initevec
                0x0000000000100d20                trap
 .text          0x0000000000100eeb       0x14 binaries/exit.o
                0x0000000000100eeb                exit
 .text          0x0000000000100eff       0x67 binaries/freebuf.o
                0x0000000000100eff                freebuf
 .text          0x0000000000100f66       0xeb binaries/freemem.o
                0x0000000000100f66                freemem
 .text          0x0000000000101051       0x64 binaries/getbuf.o
                0x0000000000101051                getbuf
 .text          0x00000000001010b5       0x4e binaries/getc.o
                0x00000000001010b5                getc
 .text          0x0000000000101103       0x60 binaries/getdev.o
                0x0000000000101103                getdev
 .text          0x0000000000101163       0x83 binaries/getitem.o
                0x0000000000101163                getitem
                0x000000000010118f                getfirst
                0x00000000001011b8                getlast
 .text          0x00000000001011e6       0xb2 binaries/getmem.o
                0x00000000001011e6                getmem
 .text          0x0000000000101298        0x6 binaries/getpid.o
                0x0000000000101298                getpid
 .text          0x000000000010129e       0x5c binaries/getprio.o
                0x000000000010129e                getprio
 .text          0x00000000001012fa       0x9a binaries/getstk.o
                0x00000000001012fa                getstk
 .text          0x0000000000101394       0x34 binaries/gettime.o
                0x0000000000101394                gettime
 .text          0x00000000001013c8      0x1b8 binaries/getutime.o
                0x00000000001013c8                getutime
 .text          0x0000000000101580       0x4e binaries/init.o
                0x0000000000101580                init
 .text          0x00000000001015ce      0x25c binaries/initialize.o
                0x00000000001015ce                nulluser
                0x00000000001017e2                stop
                0x0000000000101807                delay
 .text          0x000000000010182a       0xa0 binaries/insert.o
                0x000000000010182a                insert
 .text          0x00000000001018ca       0xe9 binaries/insertd.o
                0x00000000001018ca                insertd
 .text          0x00000000001019b3        0x6 binaries/ioerr.o
                0x00000000001019b3                ioerr
 .text          0x00000000001019b9        0x6 binaries/ionull.o
                0x00000000001019b9                ionull
 .text          0x00000000001019bf      0x13a binaries/kill.o
                0x00000000001019bf                kill
 .text          0x0000000000101af9       0x92 binaries/kprintf.o
                0x0000000000101af9                kputc
                0x0000000000101b37                kgetc
                0x0000000000101b63                kprintf
 .text          0x0000000000101b8b       0xc0 binaries/main.o
                0x0000000000101b8b                main
 .text          0x0000000000101c4b       0x93 binaries/mark.o
                0x0000000000101c4b                markinit
                0x0000000000101c6d                mark
 .text          0x0000000000101cde      0x1d7 binaries/meminit.o
                0x0000000000101cde                meminit
                0x0000000000101e3e                setsegs
 .text          0x0000000000101eb5      0x117 binaries/mkbufpool.o
                0x0000000000101eb5                mkbufpool
 .text          0x0000000000101fcc       0x5e binaries/newqueue.o
                0x0000000000101fcc                newqueue
 .text          0x000000000010202a       0x5e binaries/open.o
                0x000000000010202a                open
 .text          0x0000000000102088       0x1e binaries/panic.o
                0x0000000000102088                panic
 .text          0x00000000001020a6      0x26e binaries/pci.o
                0x00000000001020a6                pci_init
                0x00000000001020ac                find_pci_device
                0x0000000000102162                pci_read_config_byte
                0x000000000010219d                pci_read_config_word
                0x00000000001021da                pci_read_config_dword
                0x0000000000102215                pci_write_config_byte
                0x000000000010224e                pci_write_config_word
                0x0000000000102288                pci_write_config_dword
                0x00000000001022c1                pci_get_dev_mmio_base_addr
 .text          0x0000000000102314       0x98 binaries/platinit.o
                0x0000000000102314                console_init
                0x0000000000102353                platinit
 .text          0x00000000001023ac       0xa3 binaries/ptclear.o
                0x00000000001023ac                _ptclear
 .text          0x000000000010244f       0x6e binaries/ptcount.o
                0x000000000010244f                ptcount
 .text          0x00000000001024bd       0xc0 binaries/ptcreate.o
                0x00000000001024bd                ptcreate
 .text          0x000000000010257d       0x66 binaries/ptdelete.o
                0x000000000010257d                ptdelete
 .text          0x00000000001025e3       0x89 binaries/ptinit.o
                0x00000000001025e3                ptinit
 .text          0x000000000010266c       0xb5 binaries/ptrecv.o
                0x000000000010266c                ptrecv
 .text          0x0000000000102721       0x60 binaries/ptreset.o
                0x0000000000102721                ptreset
 .text          0x0000000000102781       0xd0 binaries/ptsend.o
                0x0000000000102781                ptsend
 .text          0x0000000000102851       0x5d binaries/putc.o
                0x0000000000102851                putc
 .text          0x00000000001028ae       0xd5 binaries/quark_irq.o
                0x00000000001028ae                quark_irq_routing
 .text          0x0000000000102983      0x1c9 binaries/quark_pdat.o
                0x0000000000102983                get_quark_pdat_entry_data_by_id
                0x0000000000102a64                get_quark_pdat_entry_data_by_desc
 .text          0x0000000000102b4c       0xb3 binaries/queue.o
                0x0000000000102b4c                enqueue
                0x0000000000102bb8                dequeue
 .text          0x0000000000102bff       0x5e binaries/read.o
                0x0000000000102bff                read
 .text          0x0000000000102c5d       0x6e binaries/ready.o
                0x0000000000102c5d                ready
 .text          0x0000000000102ccb       0x51 binaries/receive.o
                0x0000000000102ccb                receive
 .text          0x0000000000102d1c       0x42 binaries/recvclr.o
                0x0000000000102d1c                recvclr
 .text          0x0000000000102d5e       0x99 binaries/recvtime.o
                0x0000000000102d5e                recvtime
 .text          0x0000000000102df7      0x130 binaries/resched.o
                0x0000000000102df7                resched
                0x0000000000102eb4                resched_cntl
 .text          0x0000000000102f27       0x87 binaries/resume.o
                0x0000000000102f27                resume
 .text          0x0000000000102fae       0x56 binaries/seek.o
                0x0000000000102fae                seek
 .text          0x0000000000103004       0x47 binaries/semcount.o
                0x0000000000103004                semcount
 .text          0x000000000010304b       0x8d binaries/semcreate.o
                0x000000000010304b                semcreate
 .text          0x00000000001030d8       0xa8 binaries/semdelete.o
                0x00000000001030d8                semdelete
 .text          0x0000000000103180       0x95 binaries/semreset.o
                0x0000000000103180                semreset
 .text          0x0000000000103215       0xaf binaries/send.o
                0x0000000000103215                send
 .text          0x00000000001032c4       0x7c binaries/signal.o
                0x00000000001032c4                signal
 .text          0x0000000000103340       0xa8 binaries/signaln.o
                0x0000000000103340                signaln
 .text          0x00000000001033e8       0xbc binaries/sleep.o
                0x00000000001033e8                sleepms
                0x0000000000103472                sleep
 .text          0x00000000001034a4      0x179 binaries/stacktrace.o
                0x00000000001034a4                stacktrace
 .text          0x000000000010361d       0xb2 binaries/suspend.o
                0x000000000010361d                suspend
 .text          0x00000000001036cf       0xa8 binaries/unsleep.o
                0x00000000001036cf                unsleep
 .text          0x0000000000103777       0x14 binaries/userret.o
                0x0000000000103777                userret
 .text          0x000000000010378b       0x9f binaries/wait.o
                0x000000000010378b                wait
 .text          0x000000000010382a       0x71 binaries/wakeup.o
                0x000000000010382a                wakeup
 .text          0x000000000010389b       0x5e binaries/write.o
                0x000000000010389b                write
 .text          0x00000000001038f9       0x18 binaries/xdone.o
                0x00000000001038f9                xdone
 .text          0x0000000000103911       0x22 binaries/yield.o
                0x0000000000103911                yield
 .text          0x0000000000103933        0xe binaries/abs.o
                0x0000000000103933                abs
 .text          0x0000000000103941       0x70 binaries/atoi.o
                0x0000000000103941                atoi
 .text          0x00000000001039b1       0x70 binaries/atol.o
                0x00000000001039b1                atol
 .text          0x0000000000103a21       0x18 binaries/bzero.o
                0x0000000000103a21                bzero
 .text          0x0000000000103a39        0x0 binaries/ctype_.o
 .text          0x0000000000103a39      0x751 binaries/doprnt.o
                0x0000000000103bc4                _doprnt
 .text          0x000000000010418a      0x631 binaries/doscan.o
                0x000000000010418a                _doscan
 .text          0x00000000001047bb      0x70a binaries/fdoprnt.o
                0x000000000010483b                _fdoprnt
 .text          0x0000000000104ec5       0x1c binaries/fgetc.o
                0x0000000000104ec5                fgetc
 .text          0x0000000000104ee1       0x5e binaries/fgets.o
                0x0000000000104ee1                fgets
 .text          0x0000000000104f3f       0x30 binaries/fprintf.o
                0x0000000000104f3f                fprintf
 .text          0x0000000000104f6f       0x29 binaries/fputc.o
                0x0000000000104f6f                fputc
 .text          0x0000000000104f98       0x3a binaries/fputs.o
                0x0000000000104f98                fputs
 .text          0x0000000000104fd2       0x7a binaries/fscanf.o
                0x0000000000105009                fscanf
 .text          0x000000000010504c       0x27 binaries/getchar.o
                0x000000000010504c                getchar
 .text          0x0000000000105073        0xe binaries/labs.o
                0x0000000000105073                labs
 .text          0x0000000000105081       0x32 binaries/memchr.o
                0x0000000000105081                memchr
 .text          0x00000000001050b3       0x4a binaries/memcmp.o
                0x00000000001050b3                memcmp
 .text          0x00000000001050fd       0x25 binaries/memcpy.o
                0x00000000001050fd                memcpy
 .text          0x0000000000105122       0x1e binaries/memset.o
                0x0000000000105122                memset
 .text          0x0000000000105140       0x44 binaries/printf.o
                0x0000000000105140                printf
 .text          0x0000000000105184       0x2f binaries/putchar.o
                0x0000000000105184                putchar
 .text          0x00000000001051b3      0x1cb binaries/qsort.o
                0x0000000000105353                qsort
 .text          0x000000000010537e       0x44 binaries/rand.o
                0x000000000010537e                srand
                0x0000000000105388                rand
 .text          0x00000000001053c2       0x55 binaries/sprintf.o
                0x00000000001053d9                sprintf
 .text          0x0000000000105417       0x6c binaries/sscanf.o
                0x0000000000105440                sscanf
 .text          0x0000000000105483       0x33 binaries/strchr.o
                0x0000000000105483                strchr
 .text          0x00000000001054b6       0x43 binaries/strcmp.o
                0x00000000001054b6                strcmp
 .text          0x00000000001054f9       0x1a binaries/strcpy.o
                0x00000000001054f9                strcpy
 .text          0x0000000000105513       0x1c binaries/strlen.o
                0x0000000000105513                strlen
 .text          0x000000000010552f       0x3b binaries/strncat.o
                0x000000000010552f                strncat
 .text          0x000000000010556a       0x3a binaries/strncmp.o
                0x000000000010556a                strncmp
 .text          0x00000000001055a4       0x58 binaries/strncpy.o
                0x00000000001055a4                strncpy
 .text          0x00000000001055fc       0x2e binaries/strnlen.o
                0x00000000001055fc                strnlen
 .text          0x000000000010562a       0x30 binaries/strrchr.o
                0x000000000010562a                strrchr
 .text          0x000000000010565a       0x6e binaries/strstr.o
                0x000000000010565a                strstr
 .text          0x00000000001056c8       0xb9 binaries/ttycontrol.o
                0x00000000001056c8                ttycontrol
 .text          0x0000000000105781       0x78 binaries/ttygetc.o
                0x0000000000105781                ttygetc
 .text          0x00000000001057f9      0x471 binaries/ttyhandle_in.o
                0x00000000001058ae                ttyhandle_in
 .text          0x0000000000105c6a      0x164 binaries/ttyhandle_out.o
                0x0000000000105c6a                ttyhandle_out
 .text          0x0000000000105dce       0x7e binaries/ttyhandler.o
                0x0000000000105dce                ttyhandler
 .text          0x0000000000105e4c      0x152 binaries/ttyinit.o
                0x0000000000105e4c                ttyinit
 .text          0x0000000000105f9e        0xc binaries/ttykickout.o
                0x0000000000105f9e                ttykickout
 .text          0x0000000000105faa       0x91 binaries/ttyputc.o
                0x0000000000105faa                ttyputc
 .text          0x000000000010603b       0xe0 binaries/ttyread.o
                0x000000000010603b                ttyread
 .text          0x000000000010611b       0x4d binaries/ttywrite.o
                0x000000000010611b                ttywrite
 .text          0x0000000000106168      0x10d binaries/mount.o
                0x0000000000106168                namlen
                0x00000000001061a0                mount
 .text          0x0000000000106275      0x1d5 binaries/naminit.o
                0x0000000000106275                naminit
 .text          0x000000000010644a      0x203 binaries/nammap.o
                0x000000000010644a                namrepl
                0x000000000010655d                namcpy
                0x00000000001065aa                nammap
 .text          0x000000000010664d       0x58 binaries/namopen.o
                0x000000000010664d                namopen
 .text          0x00000000001066a5       0xd0 binaries/colon2mac.o
                0x00000000001066a5                colon2mac
 .text          0x0000000000106775       0x7b binaries/ethcontrol.o
                0x0000000000106775                ethcontrol
 .text          0x00000000001067f0       0xe1 binaries/ethhandler.o
                0x00000000001067f0                ethhandler
 .text          0x00000000001068d1      0x4cf binaries/ethinit.o
                0x00000000001068d1                eth_phy_read
                0x0000000000106910                eth_phy_write
                0x0000000000106952                eth_phy_reset
                0x0000000000106a4e                ethinit
 .text          0x0000000000106da0      0x11a binaries/ethmcast.o
                0x0000000000106da0                ethmcast_add
                0x0000000000106df3                ethmcast_remove
 .text          0x0000000000106eba      0x156 binaries/ethread.o
                0x0000000000106eba                ethread
 .text          0x0000000000107010       0xa3 binaries/ethwrite.o
                0x0000000000107010                ethwrite
 .text          0x00000000001070b3       0x62 binaries/rdsbufalloc.o
                0x00000000001070b3                rdsbufalloc
 .text          0x0000000000107115       0x7f binaries/rdsclose.o
                0x0000000000107115                rdsclose
 .text          0x0000000000107194      0x200 binaries/rdscomm.o
                0x0000000000107194                rdscomm
 .text          0x0000000000107394      0x194 binaries/rdscontrol.o
                0x0000000000107394                rdscontrol
 .text          0x0000000000107528      0x17e binaries/rdsinit.o
                0x0000000000107528                rdsinit
 .text          0x00000000001076a6      0x15f binaries/rdsopen.o
                0x00000000001076a6                rdsopen
 .text          0x0000000000107805      0x2d8 binaries/rdsprocess.o
                0x0000000000107805                rdsprocess
 .text          0x0000000000107add      0x19f binaries/rdsread.o
                0x0000000000107add                rdsread
 .text          0x0000000000107c7c      0x141 binaries/rdswrite.o
                0x0000000000107c7c                rdswrite
 .text          0x0000000000107dbd        0x6 binaries/ramclose.o
                0x0000000000107dbd                ramclose
 .text          0x0000000000107dc3       0x44 binaries/raminit.o
                0x0000000000107dc3                raminit
 .text          0x0000000000107e07        0x7 binaries/ramopen.o
                0x0000000000107e07                ramopen
 .text          0x0000000000107e0e       0x30 binaries/ramread.o
                0x0000000000107e0e                ramread
 .text          0x0000000000107e3e       0x30 binaries/ramwrite.o
                0x0000000000107e3e                ramwrite
 .text          0x0000000000107e6e       0x91 binaries/lfdballoc.o
                0x0000000000107e6e                lfdballoc
 .text          0x0000000000107eff       0x5d binaries/lfdbfree.o
                0x0000000000107eff                lfdbfree
 .text          0x0000000000107f5c       0xaa binaries/lfflush.o
                0x0000000000107f5c                lfflush
 .text          0x0000000000108006       0x7a binaries/lfgetmode.o
                0x0000000000108006                lfgetmode
 .text          0x0000000000108080       0x68 binaries/lfiballoc.o
                0x0000000000108080                lfiballoc
 .text          0x00000000001080e8       0x25 binaries/lfibclear.o
                0x00000000001080e8                lfibclear
 .text          0x000000000010810d       0x7a binaries/lfibget.o
                0x000000000010810d                lfibget
 .text          0x0000000000108187       0xa0 binaries/lfibput.o
                0x0000000000108187                lfibput
 .text          0x0000000000108227       0x76 binaries/lflclose.o
                0x0000000000108227                lflclose
 .text          0x000000000010829d       0xa2 binaries/lflcontrol.o
                0x000000000010829d                lflcontrol
 .text          0x000000000010833f       0x9e binaries/lflgetc.o
                0x000000000010833f                lflgetc
 .text          0x00000000001083dd       0xb8 binaries/lflinit.o
                0x00000000001083dd                lflinit
 .text          0x0000000000108495       0xba binaries/lflputc.o
                0x0000000000108495                lflputc
 .text          0x000000000010854f       0x6a binaries/lflread.o
                0x000000000010854f                lflread
 .text          0x00000000001085b9       0x82 binaries/lflseek.o
                0x00000000001085b9                lflseek
 .text          0x000000000010863b       0x56 binaries/lflwrite.o
                0x000000000010863b                lflwrite
 .text          0x0000000000108691      0x129 binaries/lfsckfmt.o
                0x0000000000108691                lfsckfmt
 .text          0x00000000001087ba      0x1d9 binaries/lfscreate.o
                0x00000000001087ba                lfscreate
 .text          0x0000000000108993      0x1aa binaries/lfsetup.o
                0x0000000000108993                lfsetup
 .text          0x0000000000108b3d       0x51 binaries/lfsinit.o
                0x0000000000108b3d                lfsinit
 .text          0x0000000000108b8e      0x2b1 binaries/lfsopen.o
                0x0000000000108b8e                lfsopen
 .text          0x0000000000108e3f      0x11c binaries/lftruncate.o
                0x0000000000108e3f                lftruncate
 .text          0x0000000000108f5b       0x5a binaries/rflclose.o
                0x0000000000108f5b                rflclose
 .text          0x0000000000108fb5       0x34 binaries/rflgetc.o
                0x0000000000108fb5                rflgetc
 .text          0x0000000000108fe9       0x4b binaries/rflinit.o
                0x0000000000108fe9                rflinit
 .text          0x0000000000109034       0x3a binaries/rflputc.o
                0x0000000000109034                rflputc
 .text          0x000000000010906e      0x296 binaries/rflread.o
                0x000000000010906e                rflread
 .text          0x0000000000109304       0x60 binaries/rflseek.o
                0x0000000000109304                rflseek
 .text          0x0000000000109364      0x2b3 binaries/rflwrite.o
                0x0000000000109364                rflwrite
 .text          0x0000000000109617      0x17f binaries/rfscomm.o
                0x0000000000109617                rfscomm
 .text          0x0000000000109796      0x24a binaries/rfscontrol.o
                0x0000000000109796                rfscontrol
 .text          0x00000000001099e0       0x7a binaries/rfsgetmode.o
                0x00000000001099e0                rfsgetmode
 .text          0x0000000000109a5a       0x76 binaries/rfsinit.o
                0x0000000000109a5a                rfsinit
 .text          0x0000000000109ad0       0xbb binaries/rfsndmsg.o
                0x0000000000109ad0                rfsndmsg
 .text          0x0000000000109b8b      0x229 binaries/rfsopen.o
                0x0000000000109b8b                rfsopen
 .text          0x0000000000109db4      0x64d binaries/arp.o
                0x0000000000109db4                arp_init
                0x0000000000109dcc                arp_alloc
                0x0000000000109e7c                arp_ntoh
                0x0000000000109ee6                arp_hton
                0x0000000000109f50                arp_resolve
                0x000000000010a1cf                arp_in
 .text          0x000000000010a401      0x614 binaries/dhcp.o
                0x000000000010a401                dhcp_get_opt_val
                0x000000000010a454                dhcp_bld_bootp_msg
                0x000000000010a554                dhcp_bld_disc
                0x000000000010a5a6                dhcp_bld_req
                0x000000000010a644                getlocalip
 .text          0x000000000010aa15      0x42c binaries/dns.o
                0x000000000010aa15                dns_bldq
                0x000000000010aaa8                dns_getrname
                0x000000000010ab6b                dns_geta
                0x000000000010acae                dns_qa
 .text          0x000000000010ae41       0xcb binaries/dot2ip.o
                0x000000000010ae41                dot2ip
 .text          0x000000000010af0c      0x366 binaries/hexdump.o
                0x000000000010af0c                hexdump
                0x000000000010b03b                hexadump
 .text          0x000000000010b272      0x5ef binaries/icmp.o
                0x000000000010b272                icmp_init
                0x000000000010b28a                icmp_register
                0x000000000010b33c                icmp_recv
                0x000000000010b491                icmp_mkpkt
                0x000000000010b56b                icmp_in
                0x000000000010b6a3                icmp_send
                0x000000000010b71f                icmp_release
                0x000000000010b7db                icmp_cksum
                0x000000000010b839                icmp_hton
                0x000000000010b84d                icmp_ntoh
 .text          0x000000000010b861      0x567 binaries/ip.o
                0x000000000010b861                ip_local
                0x000000000010b895                ipcksum
                0x000000000010b8e6                ip_ntoh
                0x000000000010b950                ip_in
                0x000000000010ba45                ip_hton
                0x000000000010baaf                ip_out
                0x000000000010bb63                ip_send
                0x000000000010bc60                ipout
                0x000000000010bd3c                ip_enqueue
 .text          0x000000000010bdc8      0x1d3 binaries/net.o
                0x000000000010bdc8                net_init
                0x000000000010bf03                eth_hton
                0x000000000010bf0d                eth_ntoh
                0x000000000010bf17                netin
 .text          0x000000000010bf9b       0xd3 binaries/netstart.o
                0x000000000010bf9b                netstart
 .text          0x000000000010c06e      0xb3f binaries/pdump.o
                0x000000000010c06e                pdump
                0x000000000010c6db                pdumph
 .text          0x000000000010cbad      0x5db binaries/tftp.o
                0x000000000010cbad                tftp_send1
                0x000000000010cce0                tftpget_mb
                0x000000000010d14b                tftpget
 .text          0x000000000010d188      0x7d8 binaries/udp.o
                0x000000000010d188                udp_init
                0x000000000010d1c5                udp_in
                0x000000000010d27e                udp_register
                0x000000000010d36c                udp_recv
                0x000000000010d483                udp_recvaddr
                0x000000000010d5b1                udp_send
                0x000000000010d72c                udp_sendto
                0x000000000010d87c                udp_release
                0x000000000010d938                udp_ntoh
                0x000000000010d94c                udp_hton
 .text          0x000000000010d960      0x104 binaries/addargs.o
                0x000000000010d960                addargs
 .text          0x000000000010da64      0x1f8 binaries/lexan.o
                0x000000000010da64                lexan
 .text          0x000000000010dc5c      0x63d binaries/shell.o
                0x000000000010dc5c                shell
 .text          0x000000000010e299       0x5b binaries/xsh_argecho.o
                0x000000000010e299                xsh_argecho
 .text          0x000000000010e2f4      0x1d6 binaries/xsh_arp.o
                0x000000000010e2f4                xsh_arp
 .text          0x000000000010e4ca      0x219 binaries/xsh_cat.o
                0x000000000010e4ca                xsh_cat
 .text          0x000000000010e6e3       0x58 binaries/xsh_clear.o
                0x000000000010e6e3                xsh_clear
 .text          0x000000000010e73b      0x2bf binaries/xsh_date.o
                0x000000000010e73b                xsh_date
 .text          0x000000000010e9fa       0x8e binaries/xsh_devdump.o
                0x000000000010e9fa                xsh_devdump
 .text          0x000000000010ea88       0x60 binaries/xsh_echo.o
                0x000000000010ea88                xsh_echo
 .text          0x000000000010eae8        0x6 binaries/xsh_exit.o
                0x000000000010eae8                xsh_exit
 .text          0x000000000010eaee      0x329 binaries/xsh_help.o
                0x000000000010eaee                xsh_help
 .text          0x000000000010ee17      0x42d binaries/xsh_ipaddr.o
                0x000000000010ee17                xsh_ipaddr
 .text          0x000000000010f244      0x1f9 binaries/xsh_kill.o
                0x000000000010f244                xsh_kill
 .text          0x000000000010f43d      0x3fb binaries/xsh_memdump.o
                0x000000000010f4f3                xsh_memdump
 .text          0x000000000010f838      0x1fc binaries/xsh_memstat.o
                0x000000000010f838                xsh_memstat
 .text          0x000000000010fa34      0x3dc binaries/xsh_ping.o
                0x000000000010fa34                xsh_ping
 .text          0x000000000010fe10      0x1fe binaries/xsh_ps.o
                0x000000000010fe10                xsh_ps
 .text          0x000000000011000e      0x1e8 binaries/xsh_sleep.o
                0x000000000011000e                xsh_sleep
 .text          0x00000000001101f6      0x22c binaries/xsh_udpdump.o
                0x00000000001101f6                xsh_udpdump
 .text          0x0000000000110422      0x44e binaries/xsh_udpecho.o
                0x0000000000110422                xsh_udpecho
 .text          0x0000000000110870      0x287 binaries/xsh_udpeserver.o
                0x0000000000110870                xsh_udpeserver
 .text          0x0000000000110af7      0x1c6 binaries/xsh_uptime.o
                0x0000000000110af7                xsh_uptime
 .text          0x0000000000110cbd        0xe binaries/clkdisp.o
                0x0000000000110cbd                clkdisp
 .text          0x0000000000110ccb       0x19 binaries/ctxsw.o
                0x0000000000110ccb                ctxsw
 .text          0x0000000000110ce4      0x36b binaries/intr.o
                0x0000000000110ce4                disable
                0x0000000000110ced                restore
                0x0000000000110cfb                enable
                0x0000000000110cfd                pause
                0x0000000000110d04                halt
                0x0000000000110d0a                spurious_irq7
                0x0000000000110d0f                spurious_irq15
                0x0000000000110d1e                _Xint0
                0x0000000000110d29                _Xint1
                0x0000000000110d34                _Xint2
                0x0000000000110d3f                _Xint3
                0x0000000000110d4a                _Xint4
                0x0000000000110d55                _Xint5
                0x0000000000110d60                _Xint6
                0x0000000000110d6b                _Xint7
                0x0000000000110d76                _Xint8
                0x0000000000110d81                _Xint9
                0x0000000000110d8c                _Xint10
                0x0000000000110d97                _Xint11
                0x0000000000110da5                _Xint12
                0x0000000000110db3                _Xint13
                0x0000000000110dc1                _Xint14
                0x0000000000110dcf                _Xint15
                0x0000000000110ddd                _Xint16
                0x0000000000110deb                _Xint17
                0x0000000000110df9                _Xint18
                0x0000000000110e07                _Xint19
                0x0000000000110e15                _Xint20
                0x0000000000110e23                _Xint21
                0x0000000000110e31                _Xint22
                0x0000000000110e3f                _Xint23
                0x0000000000110e4d                _Xint24
                0x0000000000110e5b                _Xint25
                0x0000000000110e69                _Xint26
                0x0000000000110e77                _Xint27
                0x0000000000110e85                _Xint28
                0x0000000000110e93                _Xint29
                0x0000000000110ea1                _Xint30
                0x0000000000110eaf                _Xint31
                0x0000000000110ebd                _Xint32
                0x0000000000110ecb                _Xint33
                0x0000000000110ed9                _Xint34
                0x0000000000110ee7                _Xint35
                0x0000000000110ef5                _Xint36
                0x0000000000110f03                _Xint37
                0x0000000000110f11                _Xint38
                0x0000000000110f1f                _Xint39
                0x0000000000110f2d                _Xint40
                0x0000000000110f3b                _Xint41
                0x0000000000110f49                _Xint42
                0x0000000000110f57                _Xint43
                0x0000000000110f65                _Xint44
                0x0000000000110f73                _Xint45
                0x0000000000110f81                _Xint46
                0x0000000000110f8f                defevec
 .text          0x000000000011104f        0xf binaries/ttydispatch.o
                0x000000000011104f                ttydispatch
 .text          0x000000000011105e       0x13 binaries/ethdispatch.o
                0x000000000011105e                ethdispatch
 *(.rodata .rodata.*)
 .rodata.str1.1
                0x0000000000111071       0x54 binaries/ascdate.o
 *fill*         0x00000000001110c5        0x3 
 .rodata.str1.4
                0x00000000001110c8       0x22 binaries/ascdate.o
 .rodata.str1.1
                0x00000000001110ea       0xae binaries/conf.o
 .rodata.str1.4
                0x0000000000111198       0x4f binaries/early_imr.o
 .rodata        0x00000000001111e7       0x30 binaries/early_imr.o
 .rodata.str1.1
                0x0000000000111217      0x20c binaries/evec.o
 *fill*         0x0000000000111423        0x1 
 .rodata.str1.4
                0x0000000000111424       0x23 binaries/evec.o
 .rodata.str1.1
                0x0000000000111447        0xb binaries/getutime.o
 *fill*         0x0000000000111452        0x2 
 .rodata.str1.4
                0x0000000000111454       0x54 binaries/getutime.o
 .rodata.str1.1
                0x00000000001114a8       0x63 binaries/initialize.o
                                         0x67 (size before relaxing)
 *fill*         0x000000000011150b        0x1 
 .rodata.str1.4
                0x000000000011150c       0xd0 binaries/initialize.o
 .rodata        0x00000000001115dc       0x20 binaries/kill.o
 .rodata.str1.1
                0x00000000001115fc       0x1c binaries/main.o
 .rodata.str1.4
                0x0000000000111618       0x22 binaries/main.o
 *fill*         0x000000000011163a        0x2 
 .rodata.str1.4
                0x000000000011163c       0x23 binaries/meminit.o
 .rodata.str1.1
                0x000000000011165f       0x1b binaries/meminit.o
 .rodata.str1.1
                0x000000000011167a        0xf binaries/panic.o
 .rodata.str1.1
                0x0000000000111689       0x1c binaries/ptinit.o
 *fill*         0x00000000001116a5        0x3 
 .rodata.str1.4
                0x00000000001116a8       0x25 binaries/ptsend.o
 .rodata.str1.1
                0x00000000001116cd       0x22 binaries/quark_pdat.o
 *fill*         0x00000000001116ef        0x1 
 .rodata.str1.4
                0x00000000001116f0       0x63 binaries/stacktrace.o
 .rodata.str1.1
                0x0000000000111753       0x52 binaries/stacktrace.o
 *fill*         0x00000000001117a5        0x3 
 .rodata.str1.4
                0x00000000001117a8       0x27 binaries/xdone.o
 *fill*         0x00000000001117cf       0x11 
 .rodata        0x00000000001117e0       0x81 binaries/ctype_.o
                0x00000000001117e0                _ctype_
 .rodata.str1.1
                0x0000000000111861       0x29 binaries/doprnt.o
 *fill*         0x000000000011188a        0x2 
 .rodata        0x000000000011188c       0xc4 binaries/doprnt.o
 .rodata        0x0000000000111950       0x98 binaries/doscan.o
 .rodata.str1.1
                0x0000000000000000       0x29 binaries/fdoprnt.o
 .rodata        0x00000000001119e8       0x84 binaries/fdoprnt.o
 .rodata        0x0000000000111a6c       0x20 binaries/ttycontrol.o
 .rodata.str1.4
                0x0000000000111a8c       0x4c binaries/naminit.o
 .rodata.str1.1
                0x0000000000111ad8       0x32 binaries/naminit.o
                                         0x35 (size before relaxing)
 .rodata.str1.1
                0x0000000000111b0a       0x15 binaries/ethinit.o
 *fill*         0x0000000000111b1f        0x1 
 .rodata.str1.4
                0x0000000000111b20       0x2e binaries/ethinit.o
 *fill*         0x0000000000111b4e        0x2 
 .rodata.str1.4
                0x0000000000111b50       0x2c binaries/rdsbufalloc.o
 .rodata.str1.4
                0x0000000000111b7c       0x76 binaries/rdscomm.o
 *fill*         0x0000000000111bf2        0x2 
 .rodata.str1.4
                0x0000000000111bf4       0x48 binaries/rdscontrol.o
 .rodata.str1.4
                0x0000000000111c3c       0x7e binaries/rdsinit.o
 .rodata.str1.1
                0x0000000000111cba       0x18 binaries/rdsinit.o
 *fill*         0x0000000000111cd2        0x2 
 .rodata.str1.4
                0x0000000000111cd4       0x22 binaries/rdsopen.o
 *fill*         0x0000000000111cf6        0x2 
 .rodata.str1.4
                0x0000000000111cf8       0x4d binaries/rdsprocess.o
 .rodata.str1.1
                0x0000000000111d45        0x9 binaries/raminit.o
 .rodata.str1.1
                0x0000000000111d4e       0x13 binaries/lfdballoc.o
 *fill*         0x0000000000111d61        0x3 
 .rodata.str1.4
                0x0000000000111d64       0x23 binaries/lfdballoc.o
 .rodata.str1.1
                0x0000000000111d87       0x14 binaries/lfiballoc.o
 *fill*         0x0000000000111d9b        0x1 
 .rodata.str1.4
                0x0000000000111d9c       0x23 binaries/lflcontrol.o
 .rodata.str1.1
                0x0000000000111dbf       0x64 binaries/lfsckfmt.o
 *fill*         0x0000000000111e23        0x1 
 .rodata.str1.4
                0x0000000000111e24       0x51 binaries/lfsckfmt.o
 *fill*         0x0000000000111e75        0x3 
 .rodata.str1.4
                0x0000000000111e78       0x21 binaries/rflread.o
 .rodata.str1.4
                0x0000000000000000       0x21 binaries/rflwrite.o
 *fill*         0x0000000000111e99        0x3 
 .rodata.str1.4
                0x0000000000111e9c       0x75 binaries/rfscomm.o
 *fill*         0x0000000000111f11        0x3 
 .rodata.str1.4
                0x0000000000111f14       0x23 binaries/rfscontrol.o
 *fill*         0x0000000000111f37        0x1 
 .rodata        0x0000000000111f38       0x18 binaries/rfscontrol.o
 .rodata.str1.1
                0x0000000000111f50        0xc binaries/rfsinit.o
 .rodata.str1.4
                0x0000000000111f5c       0x57 binaries/rfsinit.o
 *fill*         0x0000000000111fb3        0x1 
 .rodata.str1.4
                0x0000000000111fb4       0x2a binaries/rfsndmsg.o
 .rodata.str1.4
                0x0000000000000000       0x22 binaries/rfsopen.o
 .rodata.str1.1
                0x0000000000111fde       0x19 binaries/arp.o
 *fill*         0x0000000000111ff7        0x1 
 .rodata.str1.4
                0x0000000000111ff8       0x21 binaries/arp.o
 *fill*         0x0000000000112019        0x3 
 .rodata.str1.4
                0x000000000011201c       0xa6 binaries/dhcp.o
 .rodata.str1.1
                0x00000000001120c2       0x4a binaries/dhcp.o
 .rodata.str1.1
                0x000000000011210c       0x5a binaries/hexdump.o
                                         0x61 (size before relaxing)
 *fill*         0x0000000000112166        0x2 
 .rodata.str1.4
                0x0000000000112168       0x67 binaries/hexdump.o
 *fill*         0x00000000001121cf        0x1 
 .rodata.str1.4
                0x00000000001121d0       0x29 binaries/icmp.o
 .rodata.str1.1
                0x00000000001121f9       0x4e binaries/ip.o
 *fill*         0x0000000000112247        0x1 
 .rodata.str1.4
                0x0000000000112248       0x20 binaries/ip.o
 .rodata.str1.4
                0x0000000000112268       0x28 binaries/net.o
 .rodata.str1.1
                0x0000000000112290       0x27 binaries/net.o
 *fill*         0x00000000001122b7        0x1 
 .rodata.str1.4
                0x00000000001122b8       0xcf binaries/netstart.o
 .rodata.str1.1
                0x0000000000112387      0x141 binaries/pdump.o
                                        0x14b (size before relaxing)
 .rodata.str1.4
                0x00000000001124c8      0x126 binaries/pdump.o
 *fill*         0x00000000001125ee        0x2 
 .rodata.str1.4
                0x00000000001125f0      0x148 binaries/tftp.o
 .rodata.str1.1
                0x0000000000112738        0x6 binaries/tftp.o
                                          0xa (size before relaxing)
 .rodata.str1.1
                0x000000000011273e       0xe8 binaries/shell.o
                                        0x104 (size before relaxing)
 *fill*         0x0000000000112826        0x2 
 .rodata.str1.4
                0x0000000000112828      0x1c4 binaries/shell.o
 *fill*         0x00000000001129ec       0x14 
 .rodata        0x0000000000112a00       0xfc binaries/shell.o
                0x0000000000112a00                cmdtab
 .rodata.str1.1
                0x0000000000112afc       0x26 binaries/xsh_argecho.o
                                         0x28 (size before relaxing)
 .rodata.str1.1
                0x0000000000112b22       0x70 binaries/xsh_arp.o
                                         0x72 (size before relaxing)
 *fill*         0x0000000000112b92        0x2 
 .rodata.str1.4
                0x0000000000112b94       0xb4 binaries/xsh_arp.o
 .rodata.str1.1
                0x0000000000112c48       0x2d binaries/xsh_cat.o
                                         0x4f (size before relaxing)
 *fill*         0x0000000000112c75        0x3 
 .rodata.str1.4
                0x0000000000112c78       0x52 binaries/xsh_cat.o
                                         0x79 (size before relaxing)
 .rodata.str1.1
                0x0000000000112cca       0x15 binaries/xsh_clear.o
 .rodata.str1.1
                0x0000000000112cdf       0x46 binaries/xsh_date.o
                                         0x5f (size before relaxing)
 *fill*         0x0000000000112d25        0x3 
 .rodata.str1.4
                0x0000000000112d28      0x163 binaries/xsh_date.o
 .rodata.str1.1
                0x0000000000112e8b       0x5d binaries/xsh_devdump.o
 .rodata.str1.1
                0x0000000000112ee8        0x4 binaries/xsh_echo.o
                                          0x9 (size before relaxing)
 .rodata.str1.1
                0x0000000000112eec       0x65 binaries/xsh_help.o
                                         0xa3 (size before relaxing)
 *fill*         0x0000000000112f51        0x3 
 .rodata.str1.4
                0x0000000000112f54       0x7c binaries/xsh_help.o
                                         0xc6 (size before relaxing)
 .rodata.str1.1
                0x0000000000112fd0       0x9c binaries/xsh_ipaddr.o
                                         0xf8 (size before relaxing)
 .rodata.str1.4
                0x000000000011306c       0x4d binaries/xsh_ipaddr.o
                                         0x99 (size before relaxing)
 .rodata.str1.1
                0x00000000001130b9       0x78 binaries/xsh_kill.o
                                         0x97 (size before relaxing)
 *fill*         0x0000000000113131        0x3 
 .rodata.str1.4
                0x0000000000113134       0x4a binaries/xsh_kill.o
                                         0x96 (size before relaxing)
 .rodata.str1.1
                0x000000000011317e       0x84 binaries/xsh_memdump.o
                                         0xa8 (size before relaxing)
 *fill*         0x0000000000113202        0x2 
 .rodata.str1.4
                0x0000000000113204      0x15a binaries/xsh_memdump.o
                                        0x1aa (size before relaxing)
 .rodata.str1.1
                0x000000000011335e       0x40 binaries/xsh_memstat.o
                                         0x79 (size before relaxing)
 *fill*         0x000000000011339e        0x2 
 .rodata.str1.4
                0x00000000001133a0      0x187 binaries/xsh_memstat.o
                                        0x1af (size before relaxing)
 .rodata.str1.1
                0x0000000000113527       0xbc binaries/xsh_ping.o
                                         0xdb (size before relaxing)
 *fill*         0x00000000001135e3        0x1 
 .rodata.str1.4
                0x00000000001135e4       0x77 binaries/xsh_ping.o
                                         0xc6 (size before relaxing)
 .rodata.str1.1
                0x000000000011365b       0x74 binaries/xsh_ps.o
                                         0xd5 (size before relaxing)
 *fill*         0x00000000001136cf        0x1 
 .rodata.str1.4
                0x00000000001136d0       0x80 binaries/xsh_ps.o
                                         0xd0 (size before relaxing)
 *fill*         0x0000000000113750       0x10 
 .rodata        0x0000000000113760       0x20 binaries/xsh_ps.o
 .rodata.str1.1
                0x0000000000113780       0x31 binaries/xsh_sleep.o
                                         0x72 (size before relaxing)
 *fill*         0x00000000001137b1        0x3 
 .rodata.str1.4
                0x00000000001137b4       0x2a binaries/xsh_sleep.o
                                         0x7a (size before relaxing)
 .rodata.str1.1
                0x00000000001137de       0x6b binaries/xsh_udpdump.o
                                         0xd2 (size before relaxing)
 *fill*         0x0000000000113849        0x3 
 .rodata.str1.4
                0x000000000011384c       0x94 binaries/xsh_udpdump.o
                                         0xe4 (size before relaxing)
 .rodata.str1.1
                0x00000000001138e0       0xdb binaries/xsh_udpecho.o
                                         0xfa (size before relaxing)
 *fill*         0x00000000001139bb        0x1 
 .rodata.str1.4
                0x00000000001139bc       0xc7 binaries/xsh_udpecho.o
                                        0x116 (size before relaxing)
 .rodata.str1.1
                0x0000000000113a83       0x66 binaries/xsh_udpeserver.o
                                         0x8f (size before relaxing)
 *fill*         0x0000000000113ae9        0x3 
 .rodata.str1.4
                0x0000000000113aec       0x29 binaries/xsh_udpeserver.o
                                         0x9f (size before relaxing)
 .rodata.str1.1
                0x0000000000113b15       0x49 binaries/xsh_uptime.o
                                         0x8c (size before relaxing)
 *fill*         0x0000000000113b5e        0x2 
 .rodata.str1.4
                0x0000000000113b60       0x28 binaries/xsh_uptime.o
                                         0x76 (size before relaxing)
                0x0000000000113b88                etext = ABSOLUTE (.)
                0x0000000000114000                . = ALIGN (0x1000)
 *fill*         0x0000000000113b88      0x478 

.eh_frame       0x0000000000114000     0x327c
 .eh_frame      0x0000000000114000       0x58 binaries/ascdate.o
 .eh_frame      0x0000000000114058       0x14 binaries/bufinit.o
                                         0x2c (size before relaxing)
 .eh_frame      0x000000000011406c       0x34 binaries/chprio.o
                                         0x4c (size before relaxing)
 .eh_frame      0x00000000001140a0       0x18 binaries/clkhandler.o
                                         0x30 (size before relaxing)
 .eh_frame      0x00000000001140b8       0x18 binaries/clkinit.o
                                         0x30 (size before relaxing)
 .eh_frame      0x00000000001140d0       0x2c binaries/close.o
                                         0x44 (size before relaxing)
 .eh_frame      0x00000000001140fc       0x2c binaries/control.o
                                         0x44 (size before relaxing)
 .eh_frame      0x0000000000114128       0x40 binaries/create.o
                                         0x58 (size before relaxing)
 .eh_frame      0x0000000000114168       0x98 binaries/early_imr.o
                                         0xb0 (size before relaxing)
 .eh_frame      0x0000000000114200       0x94 binaries/evec.o
                                         0xac (size before relaxing)
 .eh_frame      0x0000000000114294       0x18 binaries/exit.o
                                         0x30 (size before relaxing)
 .eh_frame      0x00000000001142ac       0x2c binaries/freebuf.o
                                         0x44 (size before relaxing)
 .eh_frame      0x00000000001142d8       0x3c binaries/freemem.o
                                         0x54 (size before relaxing)
 .eh_frame      0x0000000000114314       0x3c binaries/getbuf.o
                                         0x54 (size before relaxing)
 .eh_frame      0x0000000000114350       0x2c binaries/getc.o
                                         0x44 (size before relaxing)
 .eh_frame      0x000000000011437c       0x3c binaries/getdev.o
                                         0x54 (size before relaxing)
 .eh_frame      0x00000000001143b8       0x4c binaries/getitem.o
                                         0x64 (size before relaxing)
 .eh_frame      0x0000000000114404       0x2c binaries/getmem.o
                                         0x44 (size before relaxing)
 .eh_frame      0x0000000000114430       0x14 binaries/getpid.o
                                         0x2c (size before relaxing)
 .eh_frame      0x0000000000114444       0x24 binaries/getprio.o
                                         0x3c (size before relaxing)
 .eh_frame      0x0000000000114468       0x3c binaries/getstk.o
                                         0x54 (size before relaxing)
 .eh_frame      0x00000000001144a4       0x18 binaries/gettime.o
                                         0x30 (size before relaxing)
 .eh_frame      0x00000000001144bc       0x24 binaries/getutime.o
                                         0x3c (size before relaxing)
 .eh_frame      0x00000000001144e0       0x2c binaries/init.o
                                         0x44 (size before relaxing)
 .eh_frame      0x000000000011450c       0x48 binaries/initialize.o
                                         0x60 (size before relaxing)
 .eh_frame      0x0000000000114554       0x24 binaries/insert.o
                                         0x3c (size before relaxing)
 .eh_frame      0x0000000000114578       0x38 binaries/insertd.o
                                         0x50 (size before relaxing)
 .eh_frame      0x00000000001145b0       0x14 binaries/ioerr.o
                                         0x2c (size before relaxing)
 .eh_frame      0x00000000001145c4       0x14 binaries/ionull.o
                                         0x2c (size before relaxing)
 .eh_frame      0x00000000001145d8       0x40 binaries/kill.o
                                         0x58 (size before relaxing)
 .eh_frame      0x0000000000114618       0x40 binaries/kprintf.o
                                         0x58 (size before relaxing)
 .eh_frame      0x0000000000114658       0x1c binaries/main.o
                                         0x34 (size before relaxing)
 .eh_frame      0x0000000000114674       0x3c binaries/mark.o
                                         0x54 (size before relaxing)
 .eh_frame      0x00000000001146b0       0x58 binaries/meminit.o
                                         0x70 (size before relaxing)
 .eh_frame      0x0000000000114708       0x40 binaries/mkbufpool.o
                                         0x58 (size before relaxing)
 .eh_frame      0x0000000000114748       0x14 binaries/newqueue.o
                                         0x2c (size before relaxing)
 .eh_frame      0x000000000011475c       0x2c binaries/open.o
                                         0x44 (size before relaxing)
 .eh_frame      0x0000000000114788       0x14 binaries/panic.o
                                         0x2c (size before relaxing)
 .eh_frame      0x000000000011479c       0xe0 binaries/pci.o
                                         0xf8 (size before relaxing)
 .eh_frame      0x000000000011487c       0x30 binaries/platinit.o
                                         0x48 (size before relaxing)
 .eh_frame      0x00000000001148ac       0x3c binaries/ptclear.o
                                         0x54 (size before relaxing)
 .eh_frame      0x00000000001148e8       0x34 binaries/ptcount.o
                                         0x4c (size before relaxing)
 .eh_frame      0x000000000011491c       0x3c binaries/ptcreate.o
                                         0x54 (size before relaxing)
 .eh_frame      0x0000000000114958       0x2c binaries/ptdelete.o
                                         0x44 (size before relaxing)
 .eh_frame      0x0000000000114984       0x2c binaries/ptinit.o
                                         0x44 (size before relaxing)
 .eh_frame      0x00000000001149b0       0x3c binaries/ptrecv.o
                                         0x54 (size before relaxing)
 .eh_frame      0x00000000001149ec       0x2c binaries/ptreset.o
                                         0x44 (size before relaxing)
 .eh_frame      0x0000000000114a18       0x34 binaries/ptsend.o
                                         0x4c (size before relaxing)
 .eh_frame      0x0000000000114a4c       0x34 binaries/putc.o
                                         0x4c (size before relaxing)
 .eh_frame      0x0000000000114a80       0x24 binaries/quark_irq.o
                                         0x3c (size before relaxing)
 .eh_frame      0x0000000000114aa4       0x60 binaries/quark_pdat.o
                                         0x78 (size before relaxing)
 .eh_frame      0x0000000000114b04       0x34 binaries/queue.o
                                         0x4c (size before relaxing)
 .eh_frame      0x0000000000114b38       0x2c binaries/read.o
                                         0x44 (size before relaxing)
 .eh_frame      0x0000000000114b64       0x18 binaries/ready.o
                                         0x30 (size before relaxing)
 .eh_frame      0x0000000000114b7c       0x34 binaries/receive.o
                                         0x4c (size before relaxing)
 .eh_frame      0x0000000000114bb0       0x20 binaries/recvclr.o
                                         0x38 (size before relaxing)
 .eh_frame      0x0000000000114bd0       0x3c binaries/recvtime.o
                                         0x54 (size before relaxing)
 .eh_frame      0x0000000000114c0c       0x4c binaries/resched.o
                                         0x64 (size before relaxing)
 .eh_frame      0x0000000000114c58       0x34 binaries/resume.o
                                         0x4c (size before relaxing)
 .eh_frame      0x0000000000114c8c       0x2c binaries/seek.o
                                         0x44 (size before relaxing)
 .eh_frame      0x0000000000114cb8       0x24 binaries/semcount.o
                                         0x3c (size before relaxing)
 .eh_frame      0x0000000000114cdc       0x3c binaries/semcreate.o
                                         0x54 (size before relaxing)
 .eh_frame      0x0000000000114d18       0x2c binaries/semdelete.o
                                         0x44 (size before relaxing)
 .eh_frame      0x0000000000114d44       0x3c binaries/semreset.o
                                         0x54 (size before relaxing)
 .eh_frame      0x0000000000114d80       0x2c binaries/send.o
                                         0x44 (size before relaxing)
 .eh_frame      0x0000000000114dac       0x2c binaries/signal.o
                                         0x44 (size before relaxing)
 .eh_frame      0x0000000000114dd8       0x34 binaries/signaln.o
                                         0x4c (size before relaxing)
 .eh_frame      0x0000000000114e0c       0x44 binaries/sleep.o
                                         0x5c (size before relaxing)
 .eh_frame      0x0000000000114e50       0x40 binaries/stacktrace.o
                                         0x58 (size before relaxing)
 .eh_frame      0x0000000000114e90       0x3c binaries/suspend.o
                                         0x54 (size before relaxing)
 .eh_frame      0x0000000000114ecc       0x2c binaries/unsleep.o
                                         0x44 (size before relaxing)
 .eh_frame      0x0000000000114ef8       0x18 binaries/userret.o
                                         0x30 (size before relaxing)
 .eh_frame      0x0000000000114f10       0x34 binaries/wait.o
                                         0x4c (size before relaxing)
 .eh_frame      0x0000000000114f44       0x18 binaries/wakeup.o
                                         0x30 (size before relaxing)
 .eh_frame      0x0000000000114f5c       0x2c binaries/write.o
                                         0x44 (size before relaxing)
 .eh_frame      0x0000000000114f88       0x18 binaries/xdone.o
                                         0x30 (size before relaxing)
 .eh_frame      0x0000000000114fa0       0x20 binaries/yield.o
                                         0x38 (size before relaxing)
 .eh_frame      0x0000000000114fc0       0x14 binaries/abs.o
                                         0x2c (size before relaxing)
 .eh_frame      0x0000000000114fd4       0x24 binaries/atoi.o
                                         0x3c (size before relaxing)
 .eh_frame      0x0000000000114ff8       0x24 binaries/atol.o
                                         0x3c (size before relaxing)
 .eh_frame      0x000000000011501c       0x14 binaries/bzero.o
                                         0x2c (size before relaxing)
 .eh_frame      0x0000000000115030       0xd4 binaries/doprnt.o
                                         0xec (size before relaxing)
 .eh_frame      0x0000000000115104       0x40 binaries/doscan.o
                                         0x58 (size before relaxing)
 .eh_frame      0x0000000000115144       0x7c binaries/fdoprnt.o
                                         0x94 (size before relaxing)
 .eh_frame      0x00000000001151c0       0x18 binaries/fgetc.o
                                         0x30 (size before relaxing)
 .eh_frame      0x00000000001151d8       0x3c binaries/fgets.o
                                         0x54 (size before relaxing)
 .eh_frame      0x0000000000115214       0x18 binaries/fprintf.o
                                         0x30 (size before relaxing)
 .eh_frame      0x000000000011522c       0x18 binaries/fputc.o
                                         0x30 (size before relaxing)
 .eh_frame      0x0000000000115244       0x2c binaries/fputs.o
                                         0x44 (size before relaxing)
 .eh_frame      0x0000000000115270       0x4c binaries/fscanf.o
                                         0x64 (size before relaxing)
 .eh_frame      0x00000000001152bc       0x18 binaries/getchar.o
                                         0x30 (size before relaxing)
 .eh_frame      0x00000000001152d4       0x14 binaries/labs.o
                                         0x2c (size before relaxing)
 .eh_frame      0x00000000001152e8       0x14 binaries/memchr.o
                                         0x2c (size before relaxing)
 .eh_frame      0x00000000001152fc       0x24 binaries/memcmp.o
                                         0x3c (size before relaxing)
 .eh_frame      0x0000000000115320       0x24 binaries/memcpy.o
                                         0x3c (size before relaxing)
 .eh_frame      0x0000000000115344       0x1c binaries/memset.o
                                         0x34 (size before relaxing)
 .eh_frame      0x0000000000115360       0x18 binaries/printf.o
                                         0x30 (size before relaxing)
 .eh_frame      0x0000000000115378       0x18 binaries/putchar.o
                                         0x30 (size before relaxing)
 .eh_frame      0x0000000000115390       0xa8 binaries/qsort.o
                                         0xc0 (size before relaxing)
 .eh_frame      0x0000000000115438       0x28 binaries/rand.o
                                         0x40 (size before relaxing)
 .eh_frame      0x0000000000115460       0x3c binaries/sprintf.o
                                         0x54 (size before relaxing)
 .eh_frame      0x000000000011549c       0x40 binaries/sscanf.o
                                         0x58 (size before relaxing)
 .eh_frame      0x00000000001154dc       0x1c binaries/strchr.o
                                         0x34 (size before relaxing)
 .eh_frame      0x00000000001154f8       0x1c binaries/strcmp.o
                                         0x34 (size before relaxing)
 .eh_frame      0x0000000000115514       0x14 binaries/strcpy.o
                                         0x2c (size before relaxing)
 .eh_frame      0x0000000000115528       0x14 binaries/strlen.o
                                         0x2c (size before relaxing)
 .eh_frame      0x000000000011553c       0x2c binaries/strncat.o
                                         0x44 (size before relaxing)
 .eh_frame      0x0000000000115568       0x1c binaries/strncmp.o
                                         0x34 (size before relaxing)
 .eh_frame      0x0000000000115584       0x30 binaries/strncpy.o
                                         0x48 (size before relaxing)
 .eh_frame      0x00000000001155b4       0x14 binaries/strnlen.o
                                         0x2c (size before relaxing)
 .eh_frame      0x00000000001155c8       0x1c binaries/strrchr.o
                                         0x34 (size before relaxing)
 .eh_frame      0x00000000001155e4       0x38 binaries/strstr.o
                                         0x50 (size before relaxing)
 .eh_frame      0x000000000011561c       0x2c binaries/ttycontrol.o
                                         0x44 (size before relaxing)
 .eh_frame      0x0000000000115648       0x2c binaries/ttygetc.o
                                         0x44 (size before relaxing)
 .eh_frame      0x0000000000115674       0x9c binaries/ttyhandle_in.o
                                         0xb4 (size before relaxing)
 .eh_frame      0x0000000000115710       0x40 binaries/ttyhandle_out.o
                                         0x58 (size before relaxing)
 .eh_frame      0x0000000000115750       0x2c binaries/ttyhandler.o
                                         0x44 (size before relaxing)
 .eh_frame      0x000000000011577c       0x2c binaries/ttyinit.o
                                         0x44 (size before relaxing)
 .eh_frame      0x00000000001157a8       0x14 binaries/ttykickout.o
                                         0x2c (size before relaxing)
 .eh_frame      0x00000000001157bc       0x34 binaries/ttyputc.o
                                         0x4c (size before relaxing)
 .eh_frame      0x00000000001157f0       0x3c binaries/ttyread.o
                                         0x54 (size before relaxing)
 .eh_frame      0x000000000011582c       0x34 binaries/ttywrite.o
                                         0x4c (size before relaxing)
 .eh_frame      0x0000000000115860       0x50 binaries/mount.o
                                         0x68 (size before relaxing)
 .eh_frame      0x00000000001158b0       0x40 binaries/naminit.o
                                         0x58 (size before relaxing)
 .eh_frame      0x00000000001158f0       0xa4 binaries/nammap.o
                                         0xbc (size before relaxing)
 .eh_frame      0x0000000000115994       0x1c binaries/namopen.o
                                         0x34 (size before relaxing)
 .eh_frame      0x00000000001159b0       0x3c binaries/colon2mac.o
                                         0x54 (size before relaxing)
 .eh_frame      0x00000000001159ec       0x18 binaries/ethcontrol.o
                                         0x30 (size before relaxing)
 .eh_frame      0x0000000000115a04       0x34 binaries/ethhandler.o
                                         0x4c (size before relaxing)
 .eh_frame      0x0000000000115a38       0x94 binaries/ethinit.o
                                         0xac (size before relaxing)
 .eh_frame      0x0000000000115acc       0x68 binaries/ethmcast.o
                                         0x80 (size before relaxing)
 .eh_frame      0x0000000000115b34       0x40 binaries/ethread.o
                                         0x58 (size before relaxing)
 .eh_frame      0x0000000000115b74       0x3c binaries/ethwrite.o
                                         0x54 (size before relaxing)
 .eh_frame      0x0000000000115bb0       0x24 binaries/rdsbufalloc.o
                                         0x3c (size before relaxing)
 .eh_frame      0x0000000000115bd4       0x30 binaries/rdsclose.o
                                         0x48 (size before relaxing)
 .eh_frame      0x0000000000115c04       0x40 binaries/rdscomm.o
                                         0x58 (size before relaxing)
 .eh_frame      0x0000000000115c44       0x2c binaries/rdscontrol.o
                                         0x44 (size before relaxing)
 .eh_frame      0x0000000000115c70       0x40 binaries/rdsinit.o
                                         0x58 (size before relaxing)
 .eh_frame      0x0000000000115cb0       0x40 binaries/rdsopen.o
                                         0x58 (size before relaxing)
 .eh_frame      0x0000000000115cf0       0x2c binaries/rdsprocess.o
                                         0x44 (size before relaxing)
 .eh_frame      0x0000000000115d1c       0x40 binaries/rdsread.o
                                         0x58 (size before relaxing)
 .eh_frame      0x0000000000115d5c       0x34 binaries/rdswrite.o
                                         0x4c (size before relaxing)
 .eh_frame      0x0000000000115d90       0x14 binaries/ramclose.o
                                         0x2c (size before relaxing)
 .eh_frame      0x0000000000115da4       0x18 binaries/raminit.o
                                         0x30 (size before relaxing)
 .eh_frame      0x0000000000115dbc       0x14 binaries/ramopen.o
                                         0x2c (size before relaxing)
 .eh_frame      0x0000000000115dd0       0x18 binaries/ramread.o
                                         0x30 (size before relaxing)
 .eh_frame      0x0000000000115de8       0x18 binaries/ramwrite.o
                                         0x30 (size before relaxing)
 .eh_frame      0x0000000000115e00       0x2c binaries/lfdballoc.o
                                         0x44 (size before relaxing)
 .eh_frame      0x0000000000115e2c       0x24 binaries/lfdbfree.o
                                         0x3c (size before relaxing)
 .eh_frame      0x0000000000115e50       0x24 binaries/lfflush.o
                                         0x3c (size before relaxing)
 .eh_frame      0x0000000000115e74       0x14 binaries/lfgetmode.o
                                         0x2c (size before relaxing)
 .eh_frame      0x0000000000115e88       0x24 binaries/lfiballoc.o
                                         0x3c (size before relaxing)
 .eh_frame      0x0000000000115eac       0x14 binaries/lfibclear.o
                                         0x2c (size before relaxing)
 .eh_frame      0x0000000000115ec0       0x40 binaries/lfibget.o
                                         0x58 (size before relaxing)
 .eh_frame      0x0000000000115f00       0x40 binaries/lfibput.o
                                         0x58 (size before relaxing)
 .eh_frame      0x0000000000115f40       0x2c binaries/lflclose.o
                                         0x44 (size before relaxing)
 .eh_frame      0x0000000000115f6c       0x2c binaries/lflcontrol.o
                                         0x44 (size before relaxing)
 .eh_frame      0x0000000000115f98       0x2c binaries/lflgetc.o
                                         0x44 (size before relaxing)
 .eh_frame      0x0000000000115fc4       0x24 binaries/lflinit.o
                                         0x3c (size before relaxing)
 .eh_frame      0x0000000000115fe8       0x34 binaries/lflputc.o
                                         0x4c (size before relaxing)
 .eh_frame      0x000000000011601c       0x3c binaries/lflread.o
                                         0x54 (size before relaxing)
 .eh_frame      0x0000000000116058       0x34 binaries/lflseek.o
                                         0x4c (size before relaxing)
 .eh_frame      0x000000000011608c       0x3c binaries/lflwrite.o
                                         0x54 (size before relaxing)
 .eh_frame      0x00000000001160c8       0x40 binaries/lfsckfmt.o
                                         0x58 (size before relaxing)
 .eh_frame      0x0000000000116108       0x40 binaries/lfscreate.o
                                         0x58 (size before relaxing)
 .eh_frame      0x0000000000116148       0x40 binaries/lfsetup.o
                                         0x58 (size before relaxing)
 .eh_frame      0x0000000000116188       0x18 binaries/lfsinit.o
                                         0x30 (size before relaxing)
 .eh_frame      0x00000000001161a0       0x40 binaries/lfsopen.o
                                         0x58 (size before relaxing)
 .eh_frame      0x00000000001161e0       0x40 binaries/lftruncate.o
                                         0x58 (size before relaxing)
 .eh_frame      0x0000000000116220       0x18 binaries/rflclose.o
                                         0x30 (size before relaxing)
 .eh_frame      0x0000000000116238       0x18 binaries/rflgetc.o
                                         0x30 (size before relaxing)
 .eh_frame      0x0000000000116250       0x14 binaries/rflinit.o
                                         0x2c (size before relaxing)
 .eh_frame      0x0000000000116264       0x18 binaries/rflputc.o
                                         0x30 (size before relaxing)
 .eh_frame      0x000000000011627c       0x40 binaries/rflread.o
                                         0x58 (size before relaxing)
 .eh_frame      0x00000000001162bc       0x18 binaries/rflseek.o
                                         0x30 (size before relaxing)
 .eh_frame      0x00000000001162d4       0x40 binaries/rflwrite.o
                                         0x58 (size before relaxing)
 .eh_frame      0x0000000000116314       0x40 binaries/rfscomm.o
                                         0x58 (size before relaxing)
 .eh_frame      0x0000000000116354       0x2c binaries/rfscontrol.o
                                         0x44 (size before relaxing)
 .eh_frame      0x0000000000116380       0x14 binaries/rfsgetmode.o
                                         0x2c (size before relaxing)
 .eh_frame      0x0000000000116394       0x18 binaries/rfsinit.o
                                         0x30 (size before relaxing)
 .eh_frame      0x00000000001163ac       0x1c binaries/rfsndmsg.o
                                         0x34 (size before relaxing)
 .eh_frame      0x00000000001163c8       0x2c binaries/rfsopen.o
                                         0x44 (size before relaxing)
 .eh_frame      0x00000000001163f4       0xf0 binaries/arp.o
                                        0x108 (size before relaxing)
 .eh_frame      0x00000000001164e4       0xec binaries/dhcp.o
                                        0x104 (size before relaxing)
 .eh_frame      0x00000000001165d0       0xf8 binaries/dns.o
                                        0x110 (size before relaxing)
 .eh_frame      0x00000000001166c8       0x38 binaries/dot2ip.o
                                         0x50 (size before relaxing)
 .eh_frame      0x0000000000116700       0x74 binaries/hexdump.o
                                         0x8c (size before relaxing)
 .eh_frame      0x0000000000116774      0x1b8 binaries/icmp.o
                                        0x1d0 (size before relaxing)
 .eh_frame      0x000000000011692c      0x130 binaries/ip.o
                                        0x148 (size before relaxing)
 .eh_frame      0x0000000000116a5c       0x60 binaries/net.o
                                         0x78 (size before relaxing)
 .eh_frame      0x0000000000116abc       0x24 binaries/netstart.o
                                         0x3c (size before relaxing)
 .eh_frame      0x0000000000116ae0       0x48 binaries/pdump.o
                                         0x60 (size before relaxing)
 .eh_frame      0x0000000000116b28       0x98 binaries/tftp.o
                                         0xb0 (size before relaxing)
 .eh_frame      0x0000000000116bc0      0x1e8 binaries/udp.o
                                        0x200 (size before relaxing)
 .eh_frame      0x0000000000116da8       0x3c binaries/addargs.o
                                         0x54 (size before relaxing)
 .eh_frame      0x0000000000116de4       0x38 binaries/lexan.o
                                         0x50 (size before relaxing)
 .eh_frame      0x0000000000116e1c       0x40 binaries/shell.o
                                         0x58 (size before relaxing)
 .eh_frame      0x0000000000116e5c       0x34 binaries/xsh_argecho.o
                                         0x4c (size before relaxing)
 .eh_frame      0x0000000000116e90       0x40 binaries/xsh_arp.o
                                         0x58 (size before relaxing)
 .eh_frame      0x0000000000116ed0       0x40 binaries/xsh_cat.o
                                         0x58 (size before relaxing)
 .eh_frame      0x0000000000116f10       0x18 binaries/xsh_clear.o
                                         0x30 (size before relaxing)
[...]
 .comment       0x0000000000000000       0x2b binaries/icmp.o
 .comment       0x0000000000000000       0x2b binaries/ip.o
 .comment       0x0000000000000000       0x2b binaries/net.o
 .comment       0x0000000000000000       0x2b binaries/netstart.o
 .comment       0x0000000000000000       0x2b binaries/pdump.o
 .comment       0x0000000000000000       0x2b binaries/tftp.o
 .comment       0x0000000000000000       0x2b binaries/udp.o
 .comment       0x0000000000000000       0x2b binaries/addargs.o
 .comment       0x0000000000000000       0x2b binaries/lexan.o
 .comment       0x0000000000000000       0x2b binaries/shell.o
 .comment       0x0000000000000000       0x2b binaries/xsh_argecho.o
 .comment       0x0000000000000000       0x2b binaries/xsh_arp.o
 .comment       0x0000000000000000       0x2b binaries/xsh_cat.o
 .comment       0x0000000000000000       0x2b binaries/xsh_clear.o
 .comment       0x0000000000000000       0x2b binaries/xsh_date.o
 .comment       0x0000000000000000       0x2b binaries/xsh_devdump.o
 .comment       0x0000000000000000       0x2b binaries/xsh_echo.o
 .comment       0x0000000000000000       0x2b binaries/xsh_exit.o
 .comment       0x0000000000000000       0x2b binaries/xsh_help.o
 .comment       0x0000000000000000       0x2b binaries/xsh_ipaddr.o
 .comment       0x0000000000000000       0x2b binaries/xsh_kill.o
 .comment       0x0000000000000000       0x2b binaries/xsh_memdump.o
 .comment       0x0000000000000000       0x2b binaries/xsh_memstat.o
 .comment       0x0000000000000000       0x2b binaries/xsh_ping.o
 .comment       0x0000000000000000       0x2b binaries/xsh_ps.o
 .comment       0x0000000000000000       0x2b binaries/xsh_sleep.o
 .comment       0x0000000000000000       0x2b binaries/xsh_udpdump.o
 .comment       0x0000000000000000       0x2b binaries/xsh_udpecho.o
 .comment       0x0000000000000000       0x2b binaries/xsh_udpeserver.o
 .comment       0x0000000000000000       0x2b binaries/xsh_uptime.o

.note.GNU-stack
                0x0000000000000000        0x0
 .note.GNU-stack
                0x0000000000000000        0x0 binaries/ascdate.o
 .note.GNU-stack
                0x0000000000000000        0x0 binaries/bufinit.o
 .note.GNU-stack
                0x0000000000000000        0x0 binaries/chprio.o
 .note.GNU-stack
                0x0000000000000000        0x0 binaries/clkhandler.o
 .note.GNU-stack
                0x0000000000000000        0x0 binaries/clkinit.o
 .note.GNU-stack
                0x0000000000000000        0x0 binaries/close.o
 .note.GNU-stack
                0x0000000000000000        0x0 binaries/conf.o
 .note.GNU-stack
                0x0000000000000000        0x0 binaries/control.o
 .note.GNU-stack
                0x0000000000000000        0x0 binaries/create.o
 .note.GNU-stack
                0x0000000000000000        0x0 binaries/early_imr.o
 .note.GNU-stack
                0x0000000000000000        0x0 binaries/evec.o
 .note.GNU-stack
                0x0000000000000000        0x0 binaries/exit.o
 .note.GNU-stack
                0x0000000000000000        0x0 binaries/freebuf.o
 .note.GNU-stack
                0x0000000000000000        0x0 binaries/freemem.o
 .note.GNU-stack
                0x0000000000000000        0x0 binaries/getbuf.o
 .note.GNU-stack
                0x0000000000000000        0x0 binaries/getc.o
 .note.GNU-stack
                0x0000000000000000        0x0 binaries/getdev.o
 .note.GNU-stack
                0x0000000000000000        0x0 binaries/getitem.o
 .note.GNU-stack
                0x0000000000000000        0x0 binaries/getmem.o
 .note.GNU-stack
                0x0000000000000000        0x0 binaries/getpid.o
 .note.GNU-stack
                0x0000000000000000        0x0 binaries/getprio.o
 .note.GNU-stack
                0x0000000000000000        0x0 binaries/getstk.o
 .note.GNU-stack
                0x0000000000000000        0x0 binaries/gettime.o
 .note.GNU-stack
                0x0000000000000000        0x0 binaries/getutime.o
 .note.GNU-stack
                0x0000000000000000        0x0 binaries/init.o
 .note.GNU-stack
                0x0000000000000000        0x0 binaries/initialize.o
 .note.GNU-stack
                0x0000000000000000        0x0 binaries/insert.o
 .note.GNU-stack
                0x0000000000000000        0x0 binaries/insertd.o
 .note.GNU-stack
                0x0000000000000000        0x0 binaries/ioerr.o
 .note.GNU-stack
                0x0000000000000000        0x0 binaries/ionull.o
 .note.GNU-stack
                0x0000000000000000        0x0 binaries/kill.o
 .note.GNU-stack
                0x0000000000000000        0x0 binaries/kprintf.o
 .note.GNU-stack
                0x0000000000000000        0x0 binaries/main.o
 .note.GNU-stack
                0x0000000000000000        0x0 binaries/mark.o
 .note.GNU-stack
                0x0000000000000000        0x0 binaries/meminit.o
 .note.GNU-stack
                0x0000000000000000        0x0 binaries/mkbufpool.o
 .note.GNU-stack
                0x0000000000000000        0x0 binaries/newqueue.o
 .note.GNU-stack
                0x0000000000000000        0x0 binaries/open.o
 .note.GNU-stack
                0x0000000000000000        0x0 binaries/panic.o
 .note.GNU-stack
                0x0000000000000000        0x0 binaries/pci.o
 .note.GNU-stack
                0x0000000000000000        0x0 binaries/platinit.o
 .note.GNU-stack
                0x0000000000000000        0x0 binaries/ptclear.o
 .note.GNU-stack
                0x0000000000000000        0x0 binaries/ptcount.o
 .note.GNU-stack
                0x0000000000000000        0x0 binaries/ptcreate.o
 .note.GNU-stack
                0x0000000000000000        0x0 binaries/ptdelete.o
 .note.GNU-stack
                0x0000000000000000        0x0 binaries/ptinit.o
 .note.GNU-stack
                0x0000000000000000        0x0 binaries/ptrecv.o
 .note.GNU-stack
                0x0000000000000000        0x0 binaries/ptreset.o
 .note.GNU-stack
                0x0000000000000000        0x0 binaries/ptsend.o
 .note.GNU-stack
                0x0000000000000000        0x0 binaries/putc.o
 .note.GNU-stack
                0x0000000000000000        0x0 binaries/quark_irq.o
 .note.GNU-stack
                0x0000000000000000        0x0 binaries/quark_pdat.o
 .note.GNU-stack
                0x0000000000000000        0x0 binaries/queue.o
 .note.GNU-stack
                0x0000000000000000        0x0 binaries/read.o
 .note.GNU-stack
                0x0000000000000000        0x0 binaries/ready.o
 .note.GNU-stack
                0x0000000000000000        0x0 binaries/receive.o
 .note.GNU-stack
                0x0000000000000000        0x0 binaries/recvclr.o
 .note.GNU-stack
                0x0000000000000000        0x0 binaries/recvtime.o
 .note.GNU-stack
                0x0000000000000000        0x0 binaries/resched.o
 .note.GNU-stack
                0x0000000000000000        0x0 binaries/resume.o
 .note.GNU-stack
                0x0000000000000000        0x0 binaries/seek.o
 .note.GNU-stack
                0x0000000000000000        0x0 binaries/semcount.o
 .note.GNU-stack
                0x0000000000000000        0x0 binaries/semcreate.o
 .note.GNU-stack
                0x0000000000000000        0x0 binaries/semdelete.o
 .note.GNU-stack
                0x0000000000000000        0x0 binaries/semreset.o
 .note.GNU-stack
                0x0000000000000000        0x0 binaries/send.o
 .note.GNU-stack
                0x0000000000000000        0x0 binaries/signal.o
 .note.GNU-stack
                0x0000000000000000        0x0 binaries/signaln.o
 .note.GNU-stack
                0x0000000000000000        0x0 binaries/sleep.o
 .note.GNU-stack
                0x0000000000000000        0x0 binaries/stacktrace.o
 .note.GNU-stack
                0x0000000000000000        0x0 binaries/suspend.o
 .note.GNU-stack
                0x0000000000000000        0x0 binaries/unsleep.o
 .note.GNU-stack
                0x0000000000000000        0x0 binaries/userret.o
 .note.GNU-stack
                0x0000000000000000        0x0 binaries/wait.o
 .note.GNU-stack
                0x0000000000000000        0x0 binaries/wakeup.o
 .note.GNU-stack
                0x0000000000000000        0x0 binaries/write.o
 .note.GNU-stack
                0x0000000000000000        0x0 binaries/xdone.o
 .note.GNU-stack
                0x0000000000000000        0x0 binaries/yield.o
 .note.GNU-stack
                0x0000000000000000        0x0 binaries/abs.o
 .note.GNU-stack
                0x0000000000000000        0x0 binaries/atoi.o
 .note.GNU-stack
                0x0000000000000000        0x0 binaries/atol.o
 .note.GNU-stack
                0x0000000000000000        0x0 binaries/bzero.o
 .note.GNU-stack
                0x0000000000000000        0x0 binaries/ctype_.o
 .note.GNU-stack
                0x0000000000000000        0x0 binaries/doprnt.o
 .note.GNU-stack
                0x0000000000000000        0x0 binaries/doscan.o
 .note.GNU-stack
                0x0000000000000000        0x0 binaries/fdoprnt.o
 .note.GNU-stack
                0x0000000000000000        0x0 binaries/fgetc.o
 .note.GNU-stack
                0x0000000000000000        0x0 binaries/fgets.o
 .note.GNU-stack
                0x0000000000000000        0x0 binaries/fprintf.o
 .note.GNU-stack
                0x0000000000000000        0x0 binaries/fputc.o
 .note.GNU-stack
                0x0000000000000000        0x0 binaries/fputs.o
 .note.GNU-stack
                0x0000000000000000        0x0 binaries/fscanf.o
 .note.GNU-stack
                0x0000000000000000        0x0 binaries/getchar.o
 .note.GNU-stack
                0x0000000000000000        0x0 binaries/labs.o
 .note.GNU-stack
                0x0000000000000000        0x0 binaries/memchr.o
 .note.GNU-stack
                0x0000000000000000        0x0 binaries/memcmp.o
 .note.GNU-stack
                0x0000000000000000        0x0 binaries/memcpy.o
 .note.GNU-stack
                0x0000000000000000        0x0 binaries/memset.o
 .note.GNU-stack
                0x0000000000000000        0x0 binaries/printf.o
 .note.GNU-stack
                0x0000000000000000        0x0 binaries/putchar.o
 .note.GNU-stack
                0x0000000000000000        0x0 binaries/qsort.o
 .note.GNU-stack
                0x0000000000000000        0x0 binaries/rand.o
 .note.GNU-stack
                0x0000000000000000        0x0 binaries/sprintf.o
 .note.GNU-stack
                0x0000000000000000        0x0 binaries/sscanf.o
 .note.GNU-stack
                0x0000000000000000        0x0 binaries/strchr.o
 .note.GNU-stack
                0x0000000000000000        0x0 binaries/strcmp.o
 .note.GNU-stack
                0x0000000000000000        0x0 binaries/strcpy.o
 .note.GNU-stack
                0x0000000000000000        0x0 binaries/strlen.o
 .note.GNU-stack
                0x0000000000000000        0x0 binaries/strncat.o
 .note.GNU-stack
                0x0000000000000000        0x0 binaries/strncmp.o
 .note.GNU-stack
                0x0000000000000000        0x0 binaries/strncpy.o
 .note.GNU-stack
                0x0000000000000000        0x0 binaries/strnlen.o
 .note.GNU-stack
                0x0000000000000000        0x0 binaries/strrchr.o
 .note.GNU-stack
                0x0000000000000000        0x0 binaries/strstr.o
 .note.GNU-stack
                0x0000000000000000        0x0 binaries/ttycontrol.o
 .note.GNU-stack
                0x0000000000000000        0x0 binaries/ttygetc.o
 .note.GNU-stack
                0x0000000000000000        0x0 binaries/ttyhandle_in.o
 .note.GNU-stack
                0x0000000000000000        0x0 binaries/ttyhandle_out.o
 .note.GNU-stack
                0x0000000000000000        0x0 binaries/ttyhandler.o
 .note.GNU-stack
                0x0000000000000000        0x0 binaries/ttyinit.o
 .note.GNU-stack
                0x0000000000000000        0x0 binaries/ttykickout.o
 .note.GNU-stack
                0x0000000000000000        0x0 binaries/ttyputc.o
 .note.GNU-stack
                0x0000000000000000        0x0 binaries/ttyread.o
 .note.GNU-stack
                0x0000000000000000        0x0 binaries/ttywrite.o
 .note.GNU-stack
                0x0000000000000000        0x0 binaries/mount.o
 .note.GNU-stack
                0x0000000000000000        0x0 binaries/naminit.o
 .note.GNU-stack
                0x0000000000000000        0x0 binaries/nammap.o
 .note.GNU-stack
                0x0000000000000000        0x0 binaries/namopen.o
 .note.GNU-stack
                0x0000000000000000        0x0 binaries/colon2mac.o
 .note.GNU-stack
                0x0000000000000000        0x0 binaries/ethcontrol.o
 .note.GNU-stack
                0x0000000000000000        0x0 binaries/ethhandler.o
 .note.GNU-stack
                0x0000000000000000        0x0 binaries/ethinit.o
 .note.GNU-stack
                0x0000000000000000        0x0 binaries/ethmcast.o
 .note.GNU-stack
                0x0000000000000000        0x0 binaries/ethread.o
 .note.GNU-stack
                0x0000000000000000        0x0 binaries/ethwrite.o
 .note.GNU-stack
                0x0000000000000000        0x0 binaries/rdsbufalloc.o
 .note.GNU-stack
                0x0000000000000000        0x0 binaries/rdsclose.o
 .note.GNU-stack
                0x0000000000000000        0x0 binaries/rdscomm.o
 .note.GNU-stack
                0x0000000000000000        0x0 binaries/rdscontrol.o
 .note.GNU-stack
                0x0000000000000000        0x0 binaries/rdsinit.o
 .note.GNU-stack
                0x0000000000000000        0x0 binaries/rdsopen.o
 .note.GNU-stack
                0x0000000000000000        0x0 binaries/rdsprocess.o
 .note.GNU-stack
                0x0000000000000000        0x0 binaries/rdsread.o
 .note.GNU-stack
                0x0000000000000000        0x0 binaries/rdswrite.o
 .note.GNU-stack
                0x0000000000000000        0x0 binaries/ramclose.o
 .note.GNU-stack
                0x0000000000000000        0x0 binaries/raminit.o
 .note.GNU-stack
                0x0000000000000000        0x0 binaries/ramopen.o
 .note.GNU-stack
                0x0000000000000000        0x0 binaries/ramread.o
 .note.GNU-stack
                0x0000000000000000        0x0 binaries/ramwrite.o
 .note.GNU-stack
                0x0000000000000000        0x0 binaries/lfdballoc.o
 .note.GNU-stack
                0x0000000000000000        0x0 binaries/lfdbfree.o
 .note.GNU-stack
                0x0000000000000000        0x0 binaries/lfflush.o
 .note.GNU-stack
                0x0000000000000000        0x0 binaries/lfgetmode.o
 .note.GNU-stack
                0x0000000000000000        0x0 binaries/lfiballoc.o
 .note.GNU-stack
                0x0000000000000000        0x0 binaries/lfibclear.o
 .note.GNU-stack
                0x0000000000000000        0x0 binaries/lfibget.o
 .note.GNU-stack
                0x0000000000000000        0x0 binaries/lfibput.o
 .note.GNU-stack
                0x0000000000000000        0x0 binaries/lflclose.o
 .note.GNU-stack
                0x0000000000000000        0x0 binaries/lflcontrol.o
 .note.GNU-stack
                0x0000000000000000        0x0 binaries/lflgetc.o
 .note.GNU-stack
                0x0000000000000000        0x0 binaries/lflinit.o
 .note.GNU-stack
                0x0000000000000000        0x0 binaries/lflputc.o
 .note.GNU-stack
                0x0000000000000000        0x0 binaries/lflread.o
 .note.GNU-stack
                0x0000000000000000        0x0 binaries/lflseek.o
 .note.GNU-stack
                0x0000000000000000        0x0 binaries/lflwrite.o
 .note.GNU-stack
                0x0000000000000000        0x0 binaries/lfsckfmt.o
 .note.GNU-stack
                0x0000000000000000        0x0 binaries/lfscreate.o
 .note.GNU-stack
                0x0000000000000000        0x0 binaries/lfsetup.o
 .note.GNU-stack
                0x0000000000000000        0x0 binaries/lfsinit.o
 .note.GNU-stack
                0x0000000000000000        0x0 binaries/lfsopen.o
 .note.GNU-stack
                0x0000000000000000        0x0 binaries/lftruncate.o
 .note.GNU-stack
                0x0000000000000000        0x0 binaries/rflclose.o
 .note.GNU-stack
                0x0000000000000000        0x0 binaries/rflgetc.o
 .note.GNU-stack
                0x0000000000000000        0x0 binaries/rflinit.o
 .note.GNU-stack
                0x0000000000000000        0x0 binaries/rflputc.o
 .note.GNU-stack
                0x0000000000000000        0x0 binaries/rflread.o
 .note.GNU-stack
                0x0000000000000000        0x0 binaries/rflseek.o
 .note.GNU-stack
                0x0000000000000000        0x0 binaries/rflwrite.o
 .note.GNU-stack
                0x0000000000000000        0x0 binaries/rfscomm.o
 .note.GNU-stack
                0x0000000000000000        0x0 binaries/rfscontrol.o
 .note.GNU-stack
                0x0000000000000000        0x0 binaries/rfsgetmode.o
 .note.GNU-stack
                0x0000000000000000        0x0 binaries/rfsinit.o
 .note.GNU-stack
                0x0000000000000000        0x0 binaries/rfsndmsg.o
 .note.GNU-stack
                0x0000000000000000        0x0 binaries/rfsopen.o
 .note.GNU-stack
                0x0000000000000000        0x0 binaries/arp.o
 .note.GNU-stack
                0x0000000000000000        0x0 binaries/dhcp.o
 .note.GNU-stack
                0x0000000000000000        0x0 binaries/dns.o
 .note.GNU-stack
                0x0000000000000000        0x0 binaries/dot2ip.o
 .note.GNU-stack
                0x0000000000000000        0x0 binaries/hexdump.o
 .note.GNU-stack
                0x0000000000000000        0x0 binaries/icmp.o
 .note.GNU-stack
                0x0000000000000000        0x0 binaries/ip.o
 .note.GNU-stack
                0x0000000000000000        0x0 binaries/net.o
 .note.GNU-stack
                0x0000000000000000        0x0 binaries/netstart.o
 .note.GNU-stack
                0x0000000000000000        0x0 binaries/pdump.o
 .note.GNU-stack
                0x0000000000000000        0x0 binaries/tftp.o
 .note.GNU-stack
                0x0000000000000000        0x0 binaries/udp.o
 .note.GNU-stack
                0x0000000000000000        0x0 binaries/addargs.o
 .note.GNU-stack
                0x0000000000000000        0x0 binaries/lexan.o
 .note.GNU-stack
                0x0000000000000000        0x0 binaries/shell.o
 .note.GNU-stack
                0x0000000000000000        0x0 binaries/xsh_argecho.o
 .note.GNU-stack
                0x0000000000000000        0x0 binaries/xsh_arp.o
 .note.GNU-stack
                0x0000000000000000        0x0 binaries/xsh_cat.o
 .note.GNU-stack
                0x0000000000000000        0x0 binaries/xsh_clear.o
 .note.GNU-stack
                0x0000000000000000        0x0 binaries/xsh_date.o
 .note.GNU-stack
                0x0000000000000000        0x0 binaries/xsh_devdump.o
 .note.GNU-stack
                0x0000000000000000        0x0 binaries/xsh_echo.o
 .note.GNU-stack
                0x0000000000000000        0x0 binaries/xsh_exit.o
 .note.GNU-stack
                0x0000000000000000        0x0 binaries/xsh_help.o
 .note.GNU-stack
                0x0000000000000000        0x0 binaries/xsh_ipaddr.o
 .note.GNU-stack
                0x0000000000000000        0x0 binaries/xsh_kill.o
 .note.GNU-stack
                0x0000000000000000        0x0 binaries/xsh_memdump.o
 .note.GNU-stack
                0x0000000000000000        0x0 binaries/xsh_memstat.o
 .note.GNU-stack
                0x0000000000000000        0x0 binaries/xsh_ping.o
 .note.GNU-stack
                0x0000000000000000        0x0 binaries/xsh_ps.o
 .note.GNU-stack
                0x0000000000000000        0x0 binaries/xsh_sleep.o
 .note.GNU-stack
                0x0000000000000000        0x0 binaries/xsh_udpdump.o
 .note.GNU-stack
                0x0000000000000000        0x0 binaries/xsh_udpecho.o
 .note.GNU-stack
                0x0000000000000000        0x0 binaries/xsh_udpeserver.o
 .note.GNU-stack
                0x0000000000000000        0x0 binaries/xsh_uptime.o
